15:37:55 [WARN] The currently selected adapter `@astrojs/cloudflare` is not compatible with the image service "Sharp".
15:37:55 [types] Generated 281ms
15:37:55 [build] output: "hybrid"
15:37:55 [build] directory: E:\蛟倶ｺｺ逕ｨ繝・・繧ｿ\wa-node.github.io\dist\
15:37:55 [build] adapter: @astrojs/cloudflare
15:37:55 [build] Collecting build info...
15:37:55 [build] 笨・Completed in 306ms.
